// Jest Snapshot v1, https://goo.gl/fbAQLP

exports[`AddRun renders a snapshot properly 1`] = `
<form
  className="box"
  onSubmit={[Function]}
>
  <h2
    className="title is-2"
  >
    Add a New Run
  </h2>
  <div
    className="box"
  >
    <h6
      className="title is-6"
    >
      Basic Problem Setup
    </h6>
    <div
      className="columns"
    >
      <div
        className="column"
      >
        Design Lift Coefficient:
        <br />
        <input
          className="input"
          name="cl"
          required={true}
          step="0.01"
          type="number"
        />
      </div>
      <div
        className="column"
      >
        GA Generations:
        <input
          className="input"
          min="0"
          name="gen"
          required={true}
          step="1"
          type="number"
        />
      </div>
      <div
        className="column"
      >
        Fix the TE Thickness?
        <br />
        <input
          className=""
          name="fix_te"
          type="checkbox"
        />
      </div>
    </div>
    <div
      className="columns"
    >
      <div
        className="column"
      >
        Constrain the t/c?
        <br />
        <input
          name="constrain_thickness"
          type="checkbox"
        />
      </div>
      <div
        className="column"
      >
        Constrain the area
        <br />
        <input
          name="constrain_area"
          type="checkbox"
        />
      </div>
      <div
        className="column"
      >
        Constrain the moment?
        <br />
        <input
          name="constrain_area"
          type="checkbox"
        />
      </div>
    </div>
  </div>
  <div
    className="box"
  >
    <h6
      className="title is-6"
    >
      Numbers of Design Variables
    </h6>
    <div
      className="columns"
    >
      <div
        className="column"
      >
        Chord Line
        <input
          className="input"
          name="n_c"
          required={true}
          step="0.01"
          type="number"
        />
      </div>
      <div
        className="column"
      >
        Thickness Distribution
        <input
          className="input"
          name="n_t"
          required={true}
          step="0.01"
          type="number"
        />
      </div>
    </div>
    <i
      className="italic"
    >
      It is recommended to use between 3 and 6 coefficients for each variable.
    </i>
  </div>
  <div
    className="box"
  >
    <h6
      className="title is-6"
    >
      Miscellaneous Settings
    </h6>
    <div
      className="columns"
    >
      <div
        className="column"
      >
        Number of Processors:
        <br />
        <input
          className="input"
          min="1"
          name="n_proc"
          required={true}
          step="1"
          type="number"
        />
      </div>
      <div
        className="column"
      >
        Report Result via Email?
        <br />
        <input
          className=""
          name="report"
          type="checkbox"
        />
      </div>
    </div>
  </div>
  <input
    className="button is-primary is-large is-fullwidth"
    type="submit"
    value="Submit"
  />
</form>
`;
