// Jest Snapshot v1, https://goo.gl/fbAQLP

exports[`RunsList renders a snapshot properly 1`] = `
<div>
  <h2
    className="title is-2"
  >
    Submitted Runs:
  </h2>
  <h4
    className="box title is-4"
    style={
      Object {
        "backgroundColor": "red",
      }
    }
  >
    Failed
  </h4>
  <h4
    className="box title is-4"
    style={
      Object {
        "backgroundColor": "red",
      }
    }
  >
    Failed
  </h4>
</div>
`;
